// Jest Snapshot v1, https://goo.gl/fbAQLP

exports[`AuthenticatedPage should render successfully 1`] = `
<div>
  <div />
  <div />
</div>
`;
