// Jest Snapshot v1, https://goo.gl/fbAQLP

exports[`NewContainer should render successfully 1`] = `
<div>
  <div
    data-testid="mock"
  />
</div>
`;
